######################                                 
#==--===------===--==#                                 
#==--===------===--==#                                 
#=======TTTTTT=======#                                 
#....................#                                 
#....................#                                 
#....................#                                 
w..P.................#                                 
#....................#                                 
#.....HHHHHHHHHH.....E                                 
#.....HHHHHHHHHH.....E                                 
#.....HHHHHHHHHH.....#                                 
#.....HHHHHHHHHH.....#                                 
#....................#OO###############################
#...................oO====MMM===MMM==============MMM==#
#.................oo.#====MMM===MMM========__====MMM==#
#...............oo...#=====================NN=========#
#.............oo.......I.............I............I...#
#...........oo........................................#
#.........oo..........................................#
#.......oo.........................................TTT#
#.....oo...........................................TTl#
#...oo.............................................TTT#
#.oo..................................................#
#o...mmm...............mmm............................#
#============================#........................#
                             #........................#
                             #........................#
                             #......$$$$$$$$$$$$......#
                             #......$$$$$$$$$$$$......#
                             #......$$$$$$$$$$$$......#
                             #......$$$$$$$$$$$$......#
                             #........................#
                             #........................#
                             #SSSSSSSSSSSSSSSSSSSSSSSS#

D|0-0-0-0
S|0-0-0-1
K|0-0-0-0
L|0
C|The large and long hallway reminds you of how big this mansion truly is.\It'd probably look even bigger if there weren't so many decorations everywhere.
