OOOOOOOOOOOOOOOOOOOOOO                                 
O....................O                                 
O....................O                                 
O....................O                                 
W....................O                                 
O....................O                                 
O....................E                                 
O....................E                                 
O....................O                                 
O....................O                                 
O....................O                                 
O....................O                                 
O....................O                                 
O....................OOOOOOOOOOOOOOOOOOOOOONNOOOOOOOOOO
O.....................................................O
O.....................................................O
O.....................................................O
O.....................................................O
O.....................................................O
O.....................................................O
O.....................................................O
O.....................................................O
OOOOOOOOOOOOOOOOOOOOOOOOOOOOOO........................O
                             O........................O
                             O........................O
                             O........................O
                             O........................O
                             O........................O
                             O........................O
                             O........................O
                             O........................O
                             OSSSSSSSSSSSSSSSSSSSSSSSSO

0-STAIRWAY_A_UP-0-0
0-0-0-0
0
The large and long hallways remnid you how big this mansion truly is.
