###########################################
#===^^^========---=====---==========^^^===#
#===OOO===nn===---==I==---=====nn===OOO===#
#=========nn========I==========nn=========#
#I..................i....................I#
#...................i.....................#
W.................i.i.i...................E
#................ooooooo..................#
#I.................ooo...................I#
#.........................................#
#I.......................................I#
#.........................................#
#ttttttttttttttttttttttttttttttttttttttttt#
#ooooooooooooooooooooooooooooooooooooooooo#
#ooooooooooooooooooooooooooooooooooooooooo#
#ttttttttttttttttttttttttttttttttttttttttt#
#.....ooioo.....................ooioo.....#
#.....ooioo.....................ooioo.....#
#.....OOIOO.....................OOIOO.....#
#.....O I O.....................O I O.....#
#.....OOIOO.....................OOIOO.....#
#.........................................#
#.........................................#
#===================S=====================#

D|CORRIDOR_A-CORRIDOR_B-GUEST_ROOM-ENTRYWAY
S|0-0-0-0
K|0-0-1-0
L|0
C|It seems like this enormous hall only serves the purpose of intimidating the visitors with wealth.\It's only filled with decorations. You can't help but note the large chandelier.
